<Integer>
    <value>2147483647</value>
</Integer>
