<Integer>
    <value>
        0
    </value>
</Integer>
