<Varints>
    <a>-2147483648</a>
    <b>-9223372036854775808</b>
    <c>0</c>
    <d>0</d>
    <e>-2147483648</e>
    <f>-9223372036854775808</f>
</Varints>
