<Varints>
    <a>2147483647</a>
    <b>9223372036854775807</b>
    <c>4294967295</c>
    <d>18446744073709551615</d>
    <e>2147483647</e>
    <f>9223372036854775807</f>
</Varints>
