<fixed64types>
    <a>0</a>
    <b>-9223372036854775808</b>
    <c>3.14159265359</c>
</fixed64types>
