<fixed64types>
    <a>18446744073709551615</a>
    <b>9223372036854775807</b>
    <c>3.14159265359</c>
</fixed64types>
