<fixed32types>
    <a>0</a>
    <b>-2147483648</b>
    <c>3.14159274101</c>
</fixed32types>
