<fixed32types>
    <a>4294967295</a>
    <b>2147483647</b>
    <c>3.14159274101</c>
</fixed32types>
