<optional>
    <a>gadzooks</a>
    <b>127</b>
</optional>
