<Groups>
    <Hello>
        <Hello>
            <a>5</a>
        </Hello>
        <Hello>
            <a>7</a>
        </Hello>
        <Hello>
            <a>9</a>
        </Hello>
    </Hello>
    <World>
        <b>chicken</b>
        <c>little</c>
    </World>
</Groups>
