<Other>
    <d>
        <a>9</a>
        <b>99</b>
        <c>999</c>
    </d>
</Other>
