<blah>
    <int32>-15</int32>
    <int64>-10000000000</int64>
</blah>
